# serializer version: 1
# name: test_obligations_json_snapshot
  list([
    dict({
      'cost_budget': dict({
        'kernel_ms': None,
        'solver_ms': 2000,
      }),
      'origin_backend': 'boogie-wp',
      'program_ref': 'uvil:program@1:e5cba394558bd3fbfd01ef6b3bdc81100bc9fed2a0d7b34a9b26164dee9f2fa9',
      'semantics_model': 'model:why3-memory.v1',
      'sequent': dict({
        'context': list([
          dict({
            'args': list([
              dict({
                'args': list([
                  'MAX',
                ]),
                'op': 'var',
              }),
              dict({
                'args': list([
                  0,
                ]),
                'op': 'const',
              }),
            ]),
            'op': 'ge',
          }),
          dict({
            'args': list([
              dict({
                'args': list([
                  'MAX',
                ]),
                'op': 'var',
              }),
              dict({
                'args': list([
                  100,
                ]),
                'op': 'const',
              }),
            ]),
            'op': 'eq',
          }),
          dict({
            'args': list([
              dict({
                'args': list([
                  dict({
                    'args': list([
                      'x',
                    ]),
                    'op': 'var',
                  }),
                  dict({
                    'args': list([
                      dict({
                        'args': list([
                          100,
                        ]),
                        'op': 'const',
                      }),
                    ]),
                    'op': 'neg',
                  }),
                ]),
                'op': 'ge',
              }),
              dict({
                'args': list([
                  dict({
                    'args': list([
                      'x',
                    ]),
                    'op': 'var',
                  }),
                  dict({
                    'args': list([
                      100,
                    ]),
                    'op': 'const',
                  }),
                ]),
                'op': 'le',
              }),
            ]),
            'op': 'and',
          }),
          dict({
            'args': list([
              dict({
                'args': list([
                  'x',
                ]),
                'op': 'var',
              }),
              dict({
                'args': list([
                  50,
                ]),
                'op': 'const',
              }),
            ]),
            'op': 'le',
          }),
        ]),
        'goal': dict({
          'args': list([
            dict({
              'args': list([
                dict({
                  'args': list([
                    dict({
                      'args': list([
                        'x',
                      ]),
                      'op': 'var',
                    }),
                    dict({
                      'args': list([
                        0,
                      ]),
                      'op': 'const',
                    }),
                  ]),
                  'op': 'ge',
                }),
                dict({
                  'args': list([
                    'x',
                  ]),
                  'op': 'var',
                }),
                dict({
                  'args': list([
                    dict({
                      'args': list([
                        'x',
                      ]),
                      'op': 'var',
                    }),
                  ]),
                  'op': 'neg',
                }),
              ]),
              'op': 'ite',
            }),
            dict({
              'args': list([
                100,
              ]),
              'op': 'const',
            }),
          ]),
          'op': 'le',
        }),
        'var_sorts': dict({
          'x': 'Int',
        }),
      }),
      'spec_ref': 'uvil:specification@1:c77d4796da588d1e6b390dd38b276a22fa82ada551e993df1459701875522105',
      'status': 'open',
      'target_profile': 'uvil.boogie@1',
      'theories': list([
        'uvil.core.int@1',
      ]),
    }),
    dict({
      'cost_budget': dict({
        'kernel_ms': None,
        'solver_ms': 2000,
      }),
      'origin_backend': 'boogie-wp',
      'program_ref': 'uvil:program@1:e5cba394558bd3fbfd01ef6b3bdc81100bc9fed2a0d7b34a9b26164dee9f2fa9',
      'semantics_model': 'model:why3-memory.v1',
      'sequent': dict({
        'context': list([
          dict({
            'args': list([
              dict({
                'args': list([
                  'MAX',
                ]),
                'op': 'var',
              }),
              dict({
                'args': list([
                  0,
                ]),
                'op': 'const',
              }),
            ]),
            'op': 'ge',
          }),
          dict({
            'args': list([
              dict({
                'args': list([
                  'MAX',
                ]),
                'op': 'var',
              }),
              dict({
                'args': list([
                  100,
                ]),
                'op': 'const',
              }),
            ]),
            'op': 'eq',
          }),
          dict({
            'args': list([
              dict({
                'args': list([
                  dict({
                    'args': list([
                      'x',
                    ]),
                    'op': 'var',
                  }),
                  dict({
                    'args': list([
                      dict({
                        'args': list([
                          100,
                        ]),
                        'op': 'const',
                      }),
                    ]),
                    'op': 'neg',
                  }),
                ]),
                'op': 'ge',
              }),
              dict({
                'args': list([
                  dict({
                    'args': list([
                      'x',
                    ]),
                    'op': 'var',
                  }),
                  dict({
                    'args': list([
                      100,
                    ]),
                    'op': 'const',
                  }),
                ]),
                'op': 'le',
              }),
            ]),
            'op': 'and',
          }),
          dict({
            'args': list([
              dict({
                'args': list([
                  'x',
                ]),
                'op': 'var',
              }),
              dict({
                'args': list([
                  50,
                ]),
                'op': 'const',
              }),
            ]),
            'op': 'le',
          }),
          dict({
            'args': list([
              dict({
                'args': list([
                  dict({
                    'args': list([
                      dict({
                        'args': list([
                          'x',
                        ]),
                        'op': 'var',
                      }),
                      dict({
                        'args': list([
                          0,
                        ]),
                        'op': 'const',
                      }),
                    ]),
                    'op': 'ge',
                  }),
                  dict({
                    'args': list([
                      'x',
                    ]),
                    'op': 'var',
                  }),
                  dict({
                    'args': list([
                      dict({
                        'args': list([
                          'x',
                        ]),
                        'op': 'var',
                      }),
                    ]),
                    'op': 'neg',
                  }),
                ]),
                'op': 'ite',
              }),
              dict({
                'args': list([
                  100,
                ]),
                'op': 'const',
              }),
            ]),
            'op': 'le',
          }),
        ]),
        'goal': dict({
          'args': list([
            dict({
              'args': list([
                'y!0',
              ]),
              'op': 'var',
            }),
            dict({
              'args': list([
                dict({
                  'args': list([
                    1000,
                  ]),
                  'op': 'const',
                }),
              ]),
              'op': 'neg',
            }),
          ]),
          'op': 'ge',
        }),
        'var_sorts': dict({
          'x': 'Int',
          'y!0': 'Int',
        }),
      }),
      'spec_ref': 'uvil:specification@1:c77d4796da588d1e6b390dd38b276a22fa82ada551e993df1459701875522105',
      'status': 'open',
      'target_profile': 'uvil.boogie@1',
      'theories': list([
        'uvil.core.int@1',
      ]),
    }),
    dict({
      'cost_budget': dict({
        'kernel_ms': None,
        'solver_ms': 2000,
      }),
      'origin_backend': 'boogie-wp',
      'program_ref': 'uvil:program@1:e5cba394558bd3fbfd01ef6b3bdc81100bc9fed2a0d7b34a9b26164dee9f2fa9',
      'semantics_model': 'model:why3-memory.v1',
      'sequent': dict({
        'context': list([
          dict({
            'args': list([
              dict({
                'args': list([
                  'MAX',
                ]),
                'op': 'var',
              }),
              dict({
                'args': list([
                  0,
                ]),
                'op': 'const',
              }),
            ]),
            'op': 'ge',
          }),
          dict({
            'args': list([
              dict({
                'args': list([
                  'MAX',
                ]),
                'op': 'var',
              }),
              dict({
                'args': list([
                  100,
                ]),
                'op': 'const',
              }),
            ]),
            'op': 'eq',
          }),
          dict({
            'args': list([
              dict({
                'args': list([
                  dict({
                    'args': list([
                      'x',
                    ]),
                    'op': 'var',
                  }),
                  dict({
                    'args': list([
                      dict({
                        'args': list([
                          100,
                        ]),
                        'op': 'const',
                      }),
                    ]),
                    'op': 'neg',
                  }),
                ]),
                'op': 'ge',
              }),
              dict({
                'args': list([
                  dict({
                    'args': list([
                      'x',
                    ]),
                    'op': 'var',
                  }),
                  dict({
                    'args': list([
                      100,
                    ]),
                    'op': 'const',
                  }),
                ]),
                'op': 'le',
              }),
            ]),
            'op': 'and',
          }),
          dict({
            'args': list([
              dict({
                'args': list([
                  'x',
                ]),
                'op': 'var',
              }),
              dict({
                'args': list([
                  50,
                ]),
                'op': 'const',
              }),
            ]),
            'op': 'le',
          }),
          dict({
            'args': list([
              dict({
                'args': list([
                  dict({
                    'args': list([
                      dict({
                        'args': list([
                          'x',
                        ]),
                        'op': 'var',
                      }),
                      dict({
                        'args': list([
                          0,
                        ]),
                        'op': 'const',
                      }),
                    ]),
                    'op': 'ge',
                  }),
                  dict({
                    'args': list([
                      'x',
                    ]),
                    'op': 'var',
                  }),
                  dict({
                    'args': list([
                      dict({
                        'args': list([
                          'x',
                        ]),
                        'op': 'var',
                      }),
                    ]),
                    'op': 'neg',
                  }),
                ]),
                'op': 'ite',
              }),
              dict({
                'args': list([
                  100,
                ]),
                'op': 'const',
              }),
            ]),
            'op': 'le',
          }),
          dict({
            'args': list([
              dict({
                'args': list([
                  'y!0',
                ]),
                'op': 'var',
              }),
              dict({
                'args': list([
                  dict({
                    'args': list([
                      1000,
                    ]),
                    'op': 'const',
                  }),
                ]),
                'op': 'neg',
              }),
            ]),
            'op': 'ge',
          }),
          dict({
            'args': list([
              dict({
                'args': list([
                  'x',
                ]),
                'op': 'var',
              }),
              dict({
                'args': list([
                  1,
                ]),
                'op': 'const',
              }),
            ]),
            'op': 'ge',
          }),
        ]),
        'goal': dict({
          'args': list([
            dict({
              'args': list([
                'y!0',
              ]),
              'op': 'var',
            }),
            dict({
              'args': list([
                0,
              ]),
              'op': 'const',
            }),
          ]),
          'op': 'gt',
        }),
        'var_sorts': dict({
          'x': 'Int',
          'y!0': 'Int',
        }),
      }),
      'spec_ref': 'uvil:specification@1:c77d4796da588d1e6b390dd38b276a22fa82ada551e993df1459701875522105',
      'status': 'open',
      'target_profile': 'uvil.boogie@1',
      'theories': list([
        'uvil.core.int@1',
      ]),
    }),
    dict({
      'cost_budget': dict({
        'kernel_ms': None,
        'solver_ms': 2000,
      }),
      'origin_backend': 'boogie-wp',
      'program_ref': 'uvil:program@1:e5cba394558bd3fbfd01ef6b3bdc81100bc9fed2a0d7b34a9b26164dee9f2fa9',
      'semantics_model': 'model:why3-memory.v1',
      'sequent': dict({
        'context': list([
          dict({
            'args': list([
              dict({
                'args': list([
                  'MAX',
                ]),
                'op': 'var',
              }),
              dict({
                'args': list([
                  0,
                ]),
                'op': 'const',
              }),
            ]),
            'op': 'ge',
          }),
          dict({
            'args': list([
              dict({
                'args': list([
                  'MAX',
                ]),
                'op': 'var',
              }),
              dict({
                'args': list([
                  100,
                ]),
                'op': 'const',
              }),
            ]),
            'op': 'eq',
          }),
          dict({
            'args': list([
              dict({
                'args': list([
                  dict({
                    'args': list([
                      'x',
                    ]),
                    'op': 'var',
                  }),
                  dict({
                    'args': list([
                      dict({
                        'args': list([
                          100,
                        ]),
                        'op': 'const',
                      }),
                    ]),
                    'op': 'neg',
                  }),
                ]),
                'op': 'ge',
              }),
              dict({
                'args': list([
                  dict({
                    'args': list([
                      'x',
                    ]),
                    'op': 'var',
                  }),
                  dict({
                    'args': list([
                      100,
                    ]),
                    'op': 'const',
                  }),
                ]),
                'op': 'le',
              }),
            ]),
            'op': 'and',
          }),
          dict({
            'args': list([
              dict({
                'args': list([
                  'x',
                ]),
                'op': 'var',
              }),
              dict({
                'args': list([
                  50,
                ]),
                'op': 'const',
              }),
            ]),
            'op': 'le',
          }),
          dict({
            'args': list([
              dict({
                'args': list([
                  dict({
                    'args': list([
                      dict({
                        'args': list([
                          'x',
                        ]),
                        'op': 'var',
                      }),
                      dict({
                        'args': list([
                          0,
                        ]),
                        'op': 'const',
                      }),
                    ]),
                    'op': 'ge',
                  }),
                  dict({
                    'args': list([
                      'x',
                    ]),
                    'op': 'var',
                  }),
                  dict({
                    'args': list([
                      dict({
                        'args': list([
                          'x',
                        ]),
                        'op': 'var',
                      }),
                    ]),
                    'op': 'neg',
                  }),
                ]),
                'op': 'ite',
              }),
              dict({
                'args': list([
                  100,
                ]),
                'op': 'const',
              }),
            ]),
            'op': 'le',
          }),
          dict({
            'args': list([
              dict({
                'args': list([
                  'y!0',
                ]),
                'op': 'var',
              }),
              dict({
                'args': list([
                  dict({
                    'args': list([
                      1000,
                    ]),
                    'op': 'const',
                  }),
                ]),
                'op': 'neg',
              }),
            ]),
            'op': 'ge',
          }),
          dict({
            'args': list([
              dict({
                'args': list([
                  'y!0',
                ]),
                'op': 'var',
              }),
              dict({
                'args': list([
                  0,
                ]),
                'op': 'const',
              }),
            ]),
            'op': 'gt',
          }),
        ]),
        'goal': dict({
          'args': list([
            dict({
              'args': list([
                'y!0',
              ]),
              'op': 'var',
            }),
            dict({
              'args': list([
                0,
              ]),
              'op': 'const',
            }),
          ]),
          'op': 'ge',
        }),
        'var_sorts': dict({
          'x': 'Int',
          'y!0': 'Int',
        }),
      }),
      'spec_ref': 'uvil:specification@1:c77d4796da588d1e6b390dd38b276a22fa82ada551e993df1459701875522105',
      'status': 'open',
      'target_profile': 'uvil.boogie@1',
      'theories': list([
        'uvil.core.int@1',
      ]),
    }),
    dict({
      'cost_budget': dict({
        'kernel_ms': None,
        'solver_ms': 2000,
      }),
      'origin_backend': 'boogie-wp',
      'program_ref': 'uvil:program@1:e5cba394558bd3fbfd01ef6b3bdc81100bc9fed2a0d7b34a9b26164dee9f2fa9',
      'semantics_model': 'model:why3-memory.v1',
      'sequent': dict({
        'context': list([
          dict({
            'args': list([
              dict({
                'args': list([
                  'MAX',
                ]),
                'op': 'var',
              }),
              dict({
                'args': list([
                  0,
                ]),
                'op': 'const',
              }),
            ]),
            'op': 'ge',
          }),
          dict({
            'args': list([
              dict({
                'args': list([
                  'MAX',
                ]),
                'op': 'var',
              }),
              dict({
                'args': list([
                  100,
                ]),
                'op': 'const',
              }),
            ]),
            'op': 'eq',
          }),
          dict({
            'args': list([
              dict({
                'args': list([
                  dict({
                    'args': list([
                      'x',
                    ]),
                    'op': 'var',
                  }),
                  dict({
                    'args': list([
                      dict({
                        'args': list([
                          100,
                        ]),
                        'op': 'const',
                      }),
                    ]),
                    'op': 'neg',
                  }),
                ]),
                'op': 'ge',
              }),
              dict({
                'args': list([
                  dict({
                    'args': list([
                      'x',
                    ]),
                    'op': 'var',
                  }),
                  dict({
                    'args': list([
                      100,
                    ]),
                    'op': 'const',
                  }),
                ]),
                'op': 'le',
              }),
            ]),
            'op': 'and',
          }),
          dict({
            'args': list([
              dict({
                'args': list([
                  'x',
                ]),
                'op': 'var',
              }),
              dict({
                'args': list([
                  50,
                ]),
                'op': 'const',
              }),
            ]),
            'op': 'le',
          }),
          dict({
            'args': list([
              dict({
                'args': list([
                  dict({
                    'args': list([
                      dict({
                        'args': list([
                          'x',
                        ]),
                        'op': 'var',
                      }),
                      dict({
                        'args': list([
                          0,
                        ]),
                        'op': 'const',
                      }),
                    ]),
                    'op': 'ge',
                  }),
                  dict({
                    'args': list([
                      'x',
                    ]),
                    'op': 'var',
                  }),
                  dict({
                    'args': list([
                      dict({
                        'args': list([
                          'x',
                        ]),
                        'op': 'var',
                      }),
                    ]),
                    'op': 'neg',
                  }),
                ]),
                'op': 'ite',
              }),
              dict({
                'args': list([
                  100,
                ]),
                'op': 'const',
              }),
            ]),
            'op': 'le',
          }),
          dict({
            'args': list([
              dict({
                'args': list([
                  'y!0',
                ]),
                'op': 'var',
              }),
              dict({
                'args': list([
                  dict({
                    'args': list([
                      1000,
                    ]),
                    'op': 'const',
                  }),
                ]),
                'op': 'neg',
              }),
            ]),
            'op': 'ge',
          }),
          dict({
            'args': list([
              dict({
                'args': list([
                  'y!0',
                ]),
                'op': 'var',
              }),
              dict({
                'args': list([
                  0,
                ]),
                'op': 'const',
              }),
            ]),
            'op': 'gt',
          }),
          dict({
            'args': list([
              dict({
                'args': list([
                  'y!0',
                ]),
                'op': 'var',
              }),
              dict({
                'args': list([
                  0,
                ]),
                'op': 'const',
              }),
            ]),
            'op': 'ge',
          }),
          dict({
            'args': list([
              dict({
                'args': list([
                  'y!0',
                ]),
                'op': 'var',
              }),
              dict({
                'args': list([
                  10,
                ]),
                'op': 'const',
              }),
            ]),
            'op': 'lt',
          }),
        ]),
        'goal': dict({
          'args': list([
            dict({
              'args': list([
                dict({
                  'args': list([
                    'y!0',
                  ]),
                  'op': 'var',
                }),
                dict({
                  'args': list([
                    1,
                  ]),
                  'op': 'const',
                }),
              ]),
              'op': 'add',
            }),
            dict({
              'args': list([
                0,
              ]),
              'op': 'const',
            }),
          ]),
          'op': 'ge',
        }),
        'var_sorts': dict({
          'x': 'Int',
          'y!0': 'Int',
        }),
      }),
      'spec_ref': 'uvil:specification@1:c77d4796da588d1e6b390dd38b276a22fa82ada551e993df1459701875522105',
      'status': 'open',
      'target_profile': 'uvil.boogie@1',
      'theories': list([
        'uvil.core.int@1',
      ]),
    }),
    dict({
      'cost_budget': dict({
        'kernel_ms': None,
        'solver_ms': 2000,
      }),
      'origin_backend': 'boogie-wp',
      'program_ref': 'uvil:program@1:e5cba394558bd3fbfd01ef6b3bdc81100bc9fed2a0d7b34a9b26164dee9f2fa9',
      'semantics_model': 'model:why3-memory.v1',
      'sequent': dict({
        'context': list([
          dict({
            'args': list([
              dict({
                'args': list([
                  'MAX',
                ]),
                'op': 'var',
              }),
              dict({
                'args': list([
                  0,
                ]),
                'op': 'const',
              }),
            ]),
            'op': 'ge',
          }),
          dict({
            'args': list([
              dict({
                'args': list([
                  'MAX',
                ]),
                'op': 'var',
              }),
              dict({
                'args': list([
                  100,
                ]),
                'op': 'const',
              }),
            ]),
            'op': 'eq',
          }),
          dict({
            'args': list([
              dict({
                'args': list([
                  dict({
                    'args': list([
                      'x',
                    ]),
                    'op': 'var',
                  }),
                  dict({
                    'args': list([
                      dict({
                        'args': list([
                          100,
                        ]),
                        'op': 'const',
                      }),
                    ]),
                    'op': 'neg',
                  }),
                ]),
                'op': 'ge',
              }),
              dict({
                'args': list([
                  dict({
                    'args': list([
                      'x',
                    ]),
                    'op': 'var',
                  }),
                  dict({
                    'args': list([
                      100,
                    ]),
                    'op': 'const',
                  }),
                ]),
                'op': 'le',
              }),
            ]),
            'op': 'and',
          }),
          dict({
            'args': list([
              dict({
                'args': list([
                  'x',
                ]),
                'op': 'var',
              }),
              dict({
                'args': list([
                  50,
                ]),
                'op': 'const',
              }),
            ]),
            'op': 'le',
          }),
          dict({
            'args': list([
              dict({
                'args': list([
                  dict({
                    'args': list([
                      dict({
                        'args': list([
                          'x',
                        ]),
                        'op': 'var',
                      }),
                      dict({
                        'args': list([
                          0,
                        ]),
                        'op': 'const',
                      }),
                    ]),
                    'op': 'ge',
                  }),
                  dict({
                    'args': list([
                      'x',
                    ]),
                    'op': 'var',
                  }),
                  dict({
                    'args': list([
                      dict({
                        'args': list([
                          'x',
                        ]),
                        'op': 'var',
                      }),
                    ]),
                    'op': 'neg',
                  }),
                ]),
                'op': 'ite',
              }),
              dict({
                'args': list([
                  100,
                ]),
                'op': 'const',
              }),
            ]),
            'op': 'le',
          }),
          dict({
            'args': list([
              dict({
                'args': list([
                  'y!0',
                ]),
                'op': 'var',
              }),
              dict({
                'args': list([
                  dict({
                    'args': list([
                      1000,
                    ]),
                    'op': 'const',
                  }),
                ]),
                'op': 'neg',
              }),
            ]),
            'op': 'ge',
          }),
          dict({
            'args': list([
              dict({
                'args': list([
                  'y!0',
                ]),
                'op': 'var',
              }),
              dict({
                'args': list([
                  0,
                ]),
                'op': 'const',
              }),
            ]),
            'op': 'gt',
          }),
          dict({
            'args': list([
              dict({
                'args': list([
                  'y!1',
                ]),
                'op': 'var',
              }),
              dict({
                'args': list([
                  0,
                ]),
                'op': 'const',
              }),
            ]),
            'op': 'ge',
          }),
          dict({
            'args': list([
              dict({
                'args': list([
                  dict({
                    'args': list([
                      'y!1',
                    ]),
                    'op': 'var',
                  }),
                  dict({
                    'args': list([
                      10,
                    ]),
                    'op': 'const',
                  }),
                ]),
                'op': 'lt',
              }),
            ]),
            'op': 'not',
          }),
        ]),
        'goal': dict({
          'args': list([
            dict({
              'args': list([
                'y!1',
              ]),
              'op': 'var',
            }),
            dict({
              'args': list([
                0,
              ]),
              'op': 'const',
            }),
          ]),
          'op': 'ge',
        }),
        'var_sorts': dict({
          'x': 'Int',
          'y!0': 'Int',
          'y!1': 'Int',
        }),
      }),
      'spec_ref': 'uvil:specification@1:c77d4796da588d1e6b390dd38b276a22fa82ada551e993df1459701875522105',
      'status': 'open',
      'target_profile': 'uvil.boogie@1',
      'theories': list([
        'uvil.core.int@1',
      ]),
    }),
    dict({
      'cost_budget': dict({
        'kernel_ms': None,
        'solver_ms': 2000,
      }),
      'origin_backend': 'boogie-wp',
      'program_ref': 'uvil:program@1:fc9d0647d22d367182ea90235009840963155f7e34bd2fd45fdcc1bfbd0b8d34',
      'semantics_model': 'model:why3-memory.v1',
      'sequent': dict({
        'context': list([
          dict({
            'args': list([
              dict({
                'args': list([
                  'MAX',
                ]),
                'op': 'var',
              }),
              dict({
                'args': list([
                  0,
                ]),
                'op': 'const',
              }),
            ]),
            'op': 'ge',
          }),
          dict({
            'args': list([
              dict({
                'args': list([
                  'MAX',
                ]),
                'op': 'var',
              }),
              dict({
                'args': list([
                  100,
                ]),
                'op': 'const',
              }),
            ]),
            'op': 'eq',
          }),
          dict({
            'args': list([
              dict({
                'args': list([
                  dict({
                    'args': list([
                      'a',
                    ]),
                    'op': 'var',
                  }),
                  dict({
                    'args': list([
                      0,
                    ]),
                    'op': 'const',
                  }),
                ]),
                'op': 'select',
              }),
              dict({
                'args': list([
                  1,
                ]),
                'op': 'const',
              }),
            ]),
            'op': 'eq',
          }),
        ]),
        'goal': dict({
          'args': list([
            dict({
              'args': list([
                dict({
                  'args': list([
                    'a',
                  ]),
                  'op': 'var',
                }),
                dict({
                  'args': list([
                    5,
                  ]),
                  'op': 'const',
                }),
              ]),
              'op': 'select',
            }),
            dict({
              'args': list([
                dict({
                  'args': list([
                    'a',
                  ]),
                  'op': 'var',
                }),
                dict({
                  'args': list([
                    5,
                  ]),
                  'op': 'const',
                }),
              ]),
              'op': 'select',
            }),
          ]),
          'op': 'eq',
        }),
        'var_sorts': dict({
          'a': '(Array Int Int)',
        }),
      }),
      'spec_ref': 'uvil:specification@1:d1f4a8a3cf5a9b843a6c3a629b89219c2ddaa24ce13e3790518ec25f3b347b02',
      'status': 'open',
      'target_profile': 'uvil.boogie@1',
      'theories': list([
        'uvil.core.int@1',
        'uvil.core.array@1',
      ]),
    }),
    dict({
      'cost_budget': dict({
        'kernel_ms': None,
        'solver_ms': 2000,
      }),
      'origin_backend': 'boogie-wp',
      'program_ref': 'uvil:program@1:eec278f1fcfff4ad1e3df643fa0b9cd82fd8cfd4dc322481e620ea142da68233',
      'semantics_model': 'model:why3-memory.v1',
      'sequent': dict({
        'context': list([
          dict({
            'args': list([
              dict({
                'args': list([
                  'MAX',
                ]),
                'op': 'var',
              }),
              dict({
                'args': list([
                  0,
                ]),
                'op': 'const',
              }),
            ]),
            'op': 'ge',
          }),
          dict({
            'args': list([
              dict({
                'args': list([
                  'MAX',
                ]),
                'op': 'var',
              }),
              dict({
                'args': list([
                  100,
                ]),
                'op': 'const',
              }),
            ]),
            'op': 'eq',
          }),
          dict({
            'args': list([
              dict({
                'args': list([
                  dict({
                    'args': list([
                      's',
                    ]),
                    'op': 'var',
                  }),
                ]),
                'op': 'seq.len',
              }),
              dict({
                'args': list([
                  1,
                ]),
                'op': 'const',
              }),
            ]),
            'op': 'ge',
          }),
        ]),
        'goal': dict({
          'args': list([
            dict({
              'args': list([
                dict({
                  'args': list([
                    's',
                  ]),
                  'op': 'var',
                }),
                dict({
                  'args': list([
                    0,
                  ]),
                  'op': 'const',
                }),
              ]),
              'op': 'seq.nth',
            }),
            dict({
              'args': list([
                dict({
                  'args': list([
                    's',
                  ]),
                  'op': 'var',
                }),
                dict({
                  'args': list([
                    0,
                  ]),
                  'op': 'const',
                }),
              ]),
              'op': 'seq.nth',
            }),
          ]),
          'op': 'eq',
        }),
        'var_sorts': dict({
          's': '(Seq Int)',
        }),
      }),
      'spec_ref': 'uvil:specification@1:be0ce499c843f3cd5ad07923bfaf95e4855126f847b29d1138783cdecd42ecb8',
      'status': 'open',
      'target_profile': 'uvil.boogie@1',
      'theories': list([
        'uvil.core.int@1',
        'uvil.core.seq@1',
      ]),
    }),
    dict({
      'cost_budget': dict({
        'kernel_ms': None,
        'solver_ms': 2000,
      }),
      'origin_backend': 'boogie-wp',
      'program_ref': 'uvil:program@1:669a8e7515cfd3368678f1abcfecc176af9390dfef773dd38d5beec27d006c06',
      'semantics_model': 'model:why3-memory.v1',
      'sequent': dict({
        'context': list([
          dict({
            'args': list([
              dict({
                'args': list([
                  'MAX',
                ]),
                'op': 'var',
              }),
              dict({
                'args': list([
                  0,
                ]),
                'op': 'const',
              }),
            ]),
            'op': 'ge',
          }),
          dict({
            'args': list([
              dict({
                'args': list([
                  'MAX',
                ]),
                'op': 'var',
              }),
              dict({
                'args': list([
                  100,
                ]),
                'op': 'const',
              }),
            ]),
            'op': 'eq',
          }),
          dict({
            'args': list([
              dict({
                'args': list([
                  'n',
                ]),
                'op': 'var',
              }),
              dict({
                'args': list([
                  1,
                ]),
                'op': 'const',
              }),
            ]),
            'op': 'ge',
          }),
          dict({
            'args': list([
              'i',
              'Int',
              dict({
                'args': list([
                  dict({
                    'args': list([
                      dict({
                        'args': list([
                          dict({
                            'args': list([
                              0,
                            ]),
                            'op': 'const',
                          }),
                          dict({
                            'args': list([
                              'i',
                            ]),
                            'op': 'var',
                          }),
                        ]),
                        'op': 'le',
                      }),
                      dict({
                        'args': list([
                          dict({
                            'args': list([
                              'i',
                            ]),
                            'op': 'var',
                          }),
                          dict({
                            'args': list([
                              'n',
                            ]),
                            'op': 'var',
                          }),
                        ]),
                        'op': 'lt',
                      }),
                    ]),
                    'op': 'and',
                  }),
                  dict({
                    'args': list([
                      dict({
                        'args': list([
                          'i',
                        ]),
                        'op': 'var',
                      }),
                      dict({
                        'args': list([
                          'n',
                        ]),
                        'op': 'var',
                      }),
                    ]),
                    'op': 'le',
                  }),
                ]),
                'op': 'implies',
              }),
            ]),
            'op': 'forall',
          }),
        ]),
        'goal': dict({
          'args': list([
            'j',
            'Int',
            dict({
              'args': list([
                dict({
                  'args': list([
                    dict({
                      'args': list([
                        dict({
                          'args': list([
                            0,
                          ]),
                          'op': 'const',
                        }),
                        dict({
                          'args': list([
                            'j',
                          ]),
                          'op': 'var',
                        }),
                      ]),
                      'op': 'le',
                    }),
                    dict({
                      'args': list([
                        dict({
                          'args': list([
                            'j',
                          ]),
                          'op': 'var',
                        }),
                        dict({
                          'args': list([
                            'n',
                          ]),
                          'op': 'var',
                        }),
                      ]),
                      'op': 'lt',
                    }),
                  ]),
                  'op': 'and',
                }),
                dict({
                  'args': list([
                    dict({
                      'args': list([
                        'j',
                      ]),
                      'op': 'var',
                    }),
                    dict({
                      'args': list([
                        dict({
                          'args': list([
                            'n',
                          ]),
                          'op': 'var',
                        }),
                        dict({
                          'args': list([
                            1,
                          ]),
                          'op': 'const',
                        }),
                      ]),
                      'op': 'add',
                    }),
                  ]),
                  'op': 'lt',
                }),
              ]),
              'op': 'implies',
            }),
          ]),
          'op': 'forall',
        }),
        'var_sorts': dict({
          'n': 'Int',
        }),
      }),
      'spec_ref': 'uvil:specification@1:0917b58762577cc6b136e373251529e49ecaa1cc36196c1faab895b8f651c8ba',
      'status': 'open',
      'target_profile': 'uvil.boogie@1',
      'theories': list([
        'uvil.core.int@1',
      ]),
    }),
  ])
# ---
